[1mDispatch: Deployment[m
> [1mRef: main[m[38;2;158;158;158m  (branch)[m[38;2;158;158;158m  space to switch[m
[38;2;158;158;158m  branches: [main] | release/1.2[m
[38;2;158;158;158m  tags: v2.0.0[m

  tag_name *        [  ]  [38;2;158;158;158m(string, required)[m
[38;2;158;158;158m    Tag name of the release to deploy[m
  environment       ‹ production ›  [38;2;158;158;158m(environment)[m
[38;2;158;158;158m    Target deployment environment[m
  platforms         [ linux/amd64,linux/arm64 ]  [38;2;158;158;158m(string)[m
[38;2;158;158;158m    Comma-separated build platforms[m
  release           [x] true  [38;2;158;158;158m(boolean)[m
[38;2;158;158;158m    Create a GitHub release[m
  dry_run           [x] true  [38;2;158;158;158m(boolean)[m
[38;2;158;158;158m    Resolve the plan without deploying[m

[38;2;158;158;158m  enter edit  space toggle/cycle  x dispatch  esc close[m