[1mWorkflows[m [38;2;138;138;138m3 repositories[m[38;2;138;138;138m   [m[38;2;135;215;135m3[m[38;2;138;138;138m active[m[38;2;138;138;138m   [m[38;2;255;175;0m2[m[38;2;138;138;138m disabled[m[38;2;138;138;138m   [m[38;2;255;95;95m1[m[38;2;138;138;138m deleted, Runs orphaned[m

[1m  REPOSITORY          NAME              PATH                        STATE                 ACTION[m
[38;2;95;175;255m> [macme/infra          Lint              .github/workflows/lint.yml  [38;2;135;215;135mactive              [m  [38;2;138;138;138mread-only[m
  cli/cli             CI                .github/workflows/ci.yml    [38;2;135;215;135mactive              [m  [38;2;95;175;215mDisable[m
  cli/cli             Nightly           .github/workflows/nightly…  [38;2;255;175;0mdisabled_inactivity [m  [38;2;95;175;215mEnable[m
  cli/cli             Old Deploy        .github/workflows/deploy.…  [38;2;255;95;95mdeleted             [m  [38;2;255;95;95morphaned Runs[m
  cli/cli             Release           .github/workflows/release…  [38;2;255;175;0mdisabled_manually   [m  [38;2;95;175;215mEnable[m
  old/legacy          Deploy            .github/workflows/deploy.…  [38;2;135;215;135mactive              [m  [38;2;255;95;95marchived[m

[38;2;138;138;138m  s enable/disable   x dispatch   r refresh[m