[1mWorkflows[m [38;2;138;138;138mcli/cli[m[38;2;138;138;138m   [m[38;2;135;215;135m1[m[38;2;138;138;138m active[m[38;2;138;138;138m   [m[38;2;255;175;0m0[m[38;2;138;138;138m disabled[m
[38;2;255;95;95m  could not disable: HTTP 403: Resource not accessible by personal access token[m

[1m  REPOSITORY          NAME              PATH                        STATE                 ACTION[m
[38;2;95;175;255m> [mcli/cli             CI                .github/workflows/ci.yml    [38;2;135;215;135mactive              [m  [38;2;95;175;215mDisable[m

[38;2;138;138;138m  s enable/disable   x dispatch   r refresh[m