[1mSettings[m
[38;2;138;138;138mChanges are saved to your config file.[m

[1m> [m[1mBudget                    [m[1;38;2;0;175;255mnormal[m  [38;2;138;138;138m(background / normal / greedy)[m
  Keybinding profile        [1;38;2;0;175;255mstandard[m
  Workflows scope           [1;38;2;0;175;255mall-repos[m
  Storage scope             [1;38;2;0;175;255mall-repos[m
  Confirmation threshold    [1;38;2;0;175;255m50[m
  Purge breaker threshold   [1;38;2;0;175;255m50[m
  Discovery refresh         [1;38;2;0;175;255m5 min[m

[38;2;138;138;138mShare of your API allowance the background refresh may spend.[m
[38;2;138;138;138m↑/↓ move   space change   enter edit number   esc close[m