[1mSettings[m
[38;2;138;138;138mChanges are saved to your config file.[m

  Budget                    [1;38;2;0;175;255mnormal[m
  Keybinding profile        [1;38;2;0;175;255mvim[m
  Workflows scope           [1;38;2;0;175;255mthis-repo[m
  Storage scope             [1;38;2;0;175;255mthis-repo[m
  Confirmation threshold    [1;38;2;0;175;255m50[m
  Purge breaker threshold   [1;38;2;0;175;255m50[m
[38;2;0;175;255m> [m[1mDiscovery refresh         [m[1;38;2;0;175;255m15[m[38;2;0;175;255m_[m

[38;2;138;138;138mHow quickly a newly active repository shows up, in minutes.[m
[38;2;138;138;138mk/j move   space change   enter edit number   esc close[m