[1mSettings[m
[38;2;138;138;138mChanges are saved to your config file.[m

  Budget                    [1;38;2;0;175;255mnormal[m
  Keybinding profile        [1;38;2;0;175;255mstandard[m
  Theme                     [1;38;2;0;175;255mauto[m
  Workflows scope           [1;38;2;0;175;255mall-repos[m
  Storage scope             [1;38;2;0;175;255mall-repos[m
[38;2;0;175;255m> [m[1mLaunch filter             [m[1;38;2;0;175;255mbranch:main actor:octo[m[38;2;0;175;255m_[m
  Excluded repositories     [1;38;2;0;175;255mnone[m
  Confirmation threshold    [1;38;2;0;175;255m50[m
  Purge breaker threshold   [1;38;2;0;175;255m50[m
  Discovery refresh         [1;38;2;0;175;255m5 min[m

[38;2;138;138;138mThe Runs feed starts filtered by this. Same syntax as its / filter.[m
[38;2;138;138;138menter commit   esc cancel[m