[38;2;158;158;158mfilter workflow:9004  (/ edit, then esc clears)                                                     [m
[1m  REPOSITORY           WORKFLOW         STATUS      CONCLUSION      RUN ID      STARTED             [m
  [7mcli/cli             [m [7mOld Deploy      [m [7;38;2;158;158;158mcompleted  [m [7;38;2;255;95;95mfailure        [m [7m29516338001[m [7m2026-07-12T16:39:00Z[m
[38;2;158;158;158m↓/↑ move  space select  / filter  r refresh  ? help  q quit[m  [38;2;158;158;158mStandard[m