[1;38;2;95;215;95mPurge circuit-broke[m   [38;2;0;175;255m16,204[m deleted   12 gone   [38;2;255;95;95m48 failed[m   [38;2;158;158;158mof 18,258[m
  [38;2;255;95;95m1 x failed: delete request failed: Delete "https://api.github.com/repos/cli/cli/actions/runs/4675[m…
  [38;2;255;95;95m1 x failed: delete request failed: Delete "https://api.github.com/repos/cli/cli/actions/runs/4675[m…
  [38;2;255;95;95m1 x failed: delete request failed: Delete "https://api.github.com/repos/cli/cli/actions/runs/4675[m…
  [38;2;255;95;95m1 x failed: delete request failed: Delete "https://api.github.com/repos/cli/cli/actions/runs/4675[m…
[38;2;158;158;158m  and 44 more reasons[m
[38;2;255;135;95mcircuit breaker tripped after 50 consecutive failures[m
[38;2;158;158;158mctrl+r retry 48 failures   ctrl+x dismiss[m