[1macme/api · Deploy[m   [38;2;158;158;158mRun #57[m
[38;2;0;175;255min_progress[m

[1mJOB / STEP                                                     STATUS      CONCLUSION      ELAPSED  [m
build                                                          [38;2;158;158;158mcompleted  [m [38;2;95;175;95msuccess        [m [38;2;158;158;158m1m0s     [m
[38;2;158;158;158m    1 Set up job                                              [m [38;2;158;158;158mcompleted  [m [38;2;95;175;95msuccess        [m [38;2;158;158;158m2s       [m
[38;2;158;158;158m    2 Compile                                                 [m [38;2;158;158;158mcompleted  [m [38;2;95;175;95msuccess        [m [38;2;158;158;158m58s      [m
deploy                                                         [38;2;0;175;255min_progress[m                 [38;2;158;158;158m12s      [m
[38;2;158;158;158m    1 Set up job                                              [m [38;2;158;158;158mcompleted  [m [38;2;95;175;95msuccess        [m [38;2;158;158;158m3s       [m
[38;2;158;158;158m    2 Push image                                              [m [38;2;0;175;255min_progress[m                 [38;2;158;158;158m9s       [m