[1mcli/cli · CI[m   [38;2;158;158;158mRun #4821[m
[38;2;158;158;158mcompleted[m  [38;2;95;175;95msuccess[m

[1mJOB / STEP                                                     STATUS      CONCLUSION      ELAPSED  [m
build                                                          [38;2;158;158;158mcompleted  [m [38;2;95;175;95msuccess        [m [38;2;158;158;158m1m4s     [m
[38;2;158;158;158m    1 Set up job                                              [m [38;2;158;158;158mcompleted  [m [38;2;95;175;95msuccess        [m [38;2;158;158;158m2s       [m
[38;2;158;158;158m    2 Run tests                                               [m [38;2;158;158;158mcompleted  [m [38;2;95;175;95msuccess        [m [38;2;158;158;158m58s      [m
test (ubuntu-latest)                                           [38;2;158;158;158mcompleted  [m [38;2;95;175;95msuccess        [m [38;2;158;158;158m56s      [m
[38;2;158;158;158m    1 Set up job                                              [m [38;2;158;158;158mcompleted  [m [38;2;95;175;95msuccess        [m [38;2;158;158;158m3s       [m
[38;2;158;158;158m    2 Go test                                                 [m [38;2;158;158;158mcompleted  [m [38;2;95;175;95msuccess        [m [38;2;158;158;158m53s      [m