[1mRe-run 3 Jobs across 2 repositories[m

  octo/hello              2
  octo/world              1

[1;38;2;255;135;95m  28 selected runs were not reached, so they are not in this set: the API rate-limited the jobs listing: HTTP 403[m

[1m  Type 3 to confirm: [m[1;38;2;0;175;255m[m

[38;2;158;158;158m  Press v to inspect the frozen set.  n/esc to cancel.[m